// Jest Snapshot v1, https://goo.gl/fbAQLP

<<<<<<< HEAD
exports[`PoolManager bytecode size 1`] = `28918`;
=======
exports[`PoolManager bytecode size 1`] = `28917`;
>>>>>>> custom-sentinel-storage
